// Jest Snapshot v1, https://goo.gl/fbAQLP

exports[`should render ExpenseListItem with expense informations 1`] = `
<div>
  <h3>
    <Link
      replace={false}
      to="/edit/1"
    >
      Gum
    </Link>
  </h3>
  <p>
    195
    - 
    1st-01-1970
  </p>
</div>
`;
